[
 {
  "specifier": true,
  "local_file": false,
  "name": "MyPackage",
  "editable": false,
  "subdirectory": null,
  "uri": null,
  "extras": [
   "pdf"
  ],
  "vcs": null,
  "path": null,
  "line":  "MyPackage[PDF]==3.0",
  "hash_name": null,
  "hash": null,
  "specs": [
   [
    "==",
    "3.0"
   ]
  ],
  "revision": null
 },
 {
  "specifier": true,
  "local_file": false,
  "name": "Fizzy",
  "editable": false,
  "subdirectory": null,
  "uri": null,
  "extras": [
   "foo",
   "bar"
  ],
  "vcs": null,
  "path": null,
  "line":  "Fizzy [foo, bar]",
  "hash_name": null,
  "hash": null,
  "specs": [],
  "revision": null
 }
]
