[
 {
  "specifier": false, 
  "local_file": false, 
  "name": "requirements", 
  "editable": true, 
  "uri": "git+https://github.com/davidfischer/requirements-parser.git", 
  "extras": [], 
  "vcs": "git", 
  "path": null, 
  "line": "-e git+https://github.com/davidfischer/requirements-parser.git#egg=requirements", 
  "specs": [], 
  "revision": null
 }, 
 {
  "specifier": true, 
  "local_file": false, 
  "name": "Django", 
  "editable": false, 
  "uri": null, 
  "extras": [], 
  "vcs": null, 
  "path": null, 
  "line": "Django >=1.5, <1.6", 
  "specs": [
   [
    ">=", 
    "1.5"
   ], 
   [
    "<", 
    "1.6"
   ]
  ], 
  "revision": null
 }, 
 {
  "specifier": true, 
  "local_file": false, 
  "name": "numpy", 
  "editable": false, 
  "uri": null, 
  "extras": [], 
  "vcs": null, 
  "path": null, 
  "line": "numpy", 
  "specs": [], 
  "revision": null
 }, 
 {
  "specifier": true, 
  "local_file": false, 
  "name": "DocParser", 
  "editable": false, 
  "uri": null, 
  "extras": [
   "pdf"
  ], 
  "vcs": null, 
  "path": null, 
  "line": "DocParser [PDF]", 
  "specs": [], 
  "revision": null
 }
]