[
  {
    "specifier": true,
    "local_file": false,
    "name": "ipdb",
    "editable": false,
    "uri": null,
    "extras": [],
    "vcs": null,
    "path": null,
    "line":  "ipdb",
    "hash_name": null,
    "hash": null,    "specs": [],
    "revision": null
  },
  {
    "specifier": true,
    "local_file": false,
    "name": "Jinja",
    "editable": false,
    "uri": null,
    "extras": [],
    "vcs": null,
    "path": null,
    "line":  "Jinja",
    "hash_name": null,
    "hash": null,    "specs": [],
    "revision": null
  },
  {
    "specifier": true,
    "local_file": false,
    "name": "Django",
    "editable": false,
    "uri": null,
    "extras": [],
    "vcs": null,
    "path": null,
    "line":  "Django==1.6",
    "hash_name": null,
    "hash": null,    "specs": [
      [
        "==",
        "1.6"
      ]
    ],
    "revision": null
  }
]
