[
 {
  "specifier": true, 
  "local_file": false, 
  "name": "psycopg2", 
  "editable": false, 
  "uri": null, 
  "extras": [], 
  "vcs": null, 
  "path": null, 
  "line": "psycopg2", 
  "specs": [], 
  "revision": null
 }, 
 {
  "specifier": true, 
  "local_file": false, 
  "name": "gunicorn", 
  "editable": false, 
  "uri": null, 
  "extras": [], 
  "vcs": null, 
  "path": null, 
  "line": "gunicorn", 
  "specs": [], 
  "revision": null
 }, 
 {
  "specifier": true, 
  "local_file": false, 
  "name": "pysolr", 
  "editable": false, 
  "uri": null, 
  "extras": [], 
  "vcs": null, 
  "path": null, 
  "line": "pysolr", 
  "specs": [], 
  "revision": null
 }, 
 {
  "specifier": true, 
  "local_file": false, 
  "name": "python-memcached", 
  "editable": false, 
  "uri": null, 
  "extras": [], 
  "vcs": null, 
  "path": null, 
  "line": "python-memcached", 
  "specs": [], 
  "revision": null
 }, 
 {
  "specifier": true, 
  "local_file": false, 
  "name": "dnspython", 
  "editable": false, 
  "uri": null, 
  "extras": [], 
  "vcs": null, 
  "path": null, 
  "line": "dnspython", 
  "specs": [], 
  "revision": null
 }
]