[
 {
  "specifier": true,
  "local_file": false,
  "name": "Distutils2",
  "editable": false,
  "subdirectory": null,
  "uri": null,
  "extras": [],
  "vcs": null,
  "path": null,
  "line":  "Distutils2==1.0a3",
  "hash_name": null,
  "hash": null,
  "specs": [
   [
    "==",
    "1.0a3"
   ]
  ],
  "revision": null
 },
 {
  "specifier": true, 
  "local_file": false,
  "name": "Sphinx",
  "editable": false,
  "subdirectory": null,
  "uri": null,
  "extras": [],
  "vcs": null,
  "path": null,
  "line":  "Sphinx==1.1.2",
  "hash_name": null,
  "hash": null,
  "specs": [
   [
    "==",
    "1.1.2"
   ]
  ],
  "revision": null
 },
 {
  "specifier": true,
  "local_file": false,
  "name": "Unipath",
  "editable": false,
  "subdirectory": null,
  "uri": null,
  "extras": [],
  "vcs": null,
  "path": null,
  "line":  "Unipath==0.2.1",
  "hash_name": null,
  "hash": null,
  "specs": [
   [
    "==",
    "0.2.1"
   ]
  ],
  "revision": null
 },
 {
  "specifier": true,
  "local_file": false,
  "name": "bzr",
  "editable": false,
  "subdirectory": null,
  "uri": null,
  "extras": [],
  "vcs": null,
  "path": null,
  "line":  "bzr==2.5b4",
  "hash_name": null,
  "hash": null,
  "specs": [
   [
    "==",
    "2.5b4"
   ]
  ],
  "revision": null
 },
 {
  "specifier": true,
  "local_file": false,
  "name": "celery-haystack",
  "editable": false,
  "subdirectory": null,
  "uri": null,
  "extras": [],
  "vcs": null,
  "path": null,
  "line":  "celery-haystack==0.6.2",
  "hash_name": null,
  "hash": null,
  "specs": [
   [
    "==",
    "0.6.2"
   ]
  ],
  "revision": null
 },
 {
  "specifier": true,
  "local_file": false,
  "name": "celery",
  "editable": false,
  "subdirectory": null,
  "uri": null,
  "extras": [],
  "vcs": null,
  "path": null,
  "line":  "celery==3.0.9",
  "hash_name": null,
  "hash": null,
  "specs": [
   [
    "==",
    "3.0.9"
   ]
  ],
  "revision": null
 },
 {
  "specifier": true,
  "local_file": false,
  "name": "django-celery",
  "editable": false,
  "subdirectory": null,
  "uri": null,
  "extras": [],
  "vcs": null,
  "path": null,
  "line":  "django-celery==3.0.9",
  "hash_name": null,
  "hash": null,
  "specs": [
   [
    "==",
    "3.0.9"
   ]
  ],
  "revision": null
 },
 {
  "specifier": true,
  "local_file": false,
  "name": "django-extensions",
  "editable": false,
  "subdirectory": null,
  "uri": null,
  "extras": [],
  "vcs": null,
  "path": null,
  "line":  "django-extensions==0.7.1",
  "hash_name": null,
  "hash": null,
  "specs": [
   [
    "==",
    "0.7.1"
   ]
  ],
  "revision": null
 },
 {
  "specifier": true,
  "local_file": false,
  "name": "django-guardian",
  "editable": false,
  "subdirectory": null,
  "uri": null,
  "extras": [],
  "vcs": null,
  "path": null,
  "line":  "django-guardian==1.0.4",
  "hash_name": null,
  "hash": null,
  "specs": [
   [
    "==",
    "1.0.4"
   ]
  ],
  "revision": null
 },
 {
  "specifier": true,
  "local_file": false,
  "name": "django-kombu",
  "editable": false,
  "subdirectory": null,
  "uri": null,
  "extras": [],
  "vcs": null,
  "path": null,
  "line":  "django-kombu==0.9.4",
  "hash_name": null,
  "hash": null,
  "specs": [
   [
    "==",
    "0.9.4"
   ]
  ],
  "revision": null
 },
 {
  "specifier": true,
  "local_file": false,
  "name": "django-profiles",
  "editable": false,
  "subdirectory": null,
  "uri": null,
  "extras": [],
  "vcs": null,
  "path": null,
  "line":  "django-profiles==0.2",
  "hash_name": null,
  "hash": null,
  "specs": [
   [
    "==",
    "0.2"
   ]
  ],
  "revision": null
 },
 {
  "specifier": true,
  "local_file": false,
  "name": "django-secure",
  "editable": false,
  "subdirectory": null,
  "uri": null,
  "extras": [],
  "vcs": null,
  "path": null,
  "line":  "django-secure==0.1.2",
  "hash_name": null,
  "hash": null,
  "specs": [
   [
    "==",
    "0.1.2"
   ]
  ],
  "revision": null
 },
 {
  "specifier": true,
  "local_file": false,
  "name": "django",
  "editable": false,
  "subdirectory": null,
  "uri": null,
  "extras": [],
  "vcs": null,
  "path": null,
  "line":  "django==1.4.2",
  "hash_name": null,
  "hash": null,
  "specs": [
   [
    "==",
    "1.4.2"
   ]
  ],
  "revision": null
 },
 {
  "specifier": true,
  "local_file": false,
  "name": "docutils",
  "editable": false,
  "subdirectory": null,
  "uri": null,
  "extras": [],
  "vcs": null,
  "path": null,
  "line":  "docutils==0.8.1",
  "hash_name": null,
  "hash": null,
  "specs": [
   [
    "==",
    "0.8.1"
   ]
  ],
  "revision": null
 },
 {
  "specifier": true,
  "local_file": false,
  "name": "github2",
  "editable": false,
  "subdirectory": null,
  "uri": null,
  "extras": [],
  "vcs": null,
  "path": null,
  "line":  "github2==0.5.2",
  "hash_name": null,
  "hash": null,
  "specs": [
   [
    "==",
    "0.5.2"
   ]
  ],
  "revision": null
 },
 {
  "specifier": true,
  "local_file": false,
  "name": "httplib2",
  "editable": false,
  "subdirectory": null,
  "uri": null,
  "extras": [],
  "vcs": null,
  "path": null,
  "line":  "httplib2==0.7.2",
  "hash_name": null,
  "hash": null,
  "specs": [
   [
    "==",
    "0.7.2"
   ]
  ],
  "revision": null
 },
 {
  "specifier": true,
  "local_file": false,
  "name": "mercurial",
  "editable": false,
  "subdirectory": null,
  "uri": null,
  "extras": [],
  "vcs": null,
  "path": null,
  "line":  "mercurial==2.4",
  "hash_name": null,
  "hash": null,
  "specs": [
   [
    "==",
    "2.4"
   ]
  ],
  "revision": null
 },
 {
  "specifier": true,
  "local_file": false,
  "name": "mimeparse",
  "editable": false,
  "subdirectory": null,
  "uri": null,
  "extras": [],
  "vcs": null,
  "path": null,
  "line":  "mimeparse==0.1.3",
  "hash_name": null,
  "hash": null,
  "specs": [
   [
    "==",
    "0.1.3"
   ]
  ],
  "revision": null
 },
 {
  "specifier": true,
  "local_file": false,
  "name": "redis",
  "editable": false,
  "subdirectory": null,
  "uri": null,
  "extras": [],
  "vcs": null,
  "path": null,
  "line":  "redis==2.7.1",
  "hash_name": null,
  "hash": null,
  "specs": [
   [
    "==",
    "2.7.1"
   ]
  ],
  "revision": null
 },
 {
  "specifier": true,
  "local_file": false,
  "name": "simplejson",
  "editable": false,
  "subdirectory": null,
  "uri": null,
  "extras": [],
  "vcs": null,
  "path": null,
  "line":  "simplejson==2.3.0",
  "hash_name": null,
  "hash": null,
  "specs": [
   [
    "==",
    "2.3.0"
   ]
  ],
  "revision": null
 },
 {
  "specifier": true,
  "local_file": false,
  "name": "slumber",
  "editable": false,
  "subdirectory": null,
  "uri": null,
  "extras": [],
  "vcs": null,
  "path": null,
  "line":  "slumber==0.4.2",
  "hash_name": null,
  "hash": null,
  "specs": [
   [
    "==",
    "0.4.2"
   ]
  ],
  "revision": null
 },
 {
  "specifier": true,
  "local_file": false,
  "name": "south",
  "editable": false,
  "subdirectory": null,
  "uri": null,
  "extras": [],
  "vcs": null,
  "path": null,
  "line":  "south==0.7.6",
  "hash_name": null,
  "hash": null,
  "specs": [
   [
    "==",
    "0.7.6"
   ]
  ],
  "revision": null
 },
 {
  "specifier": true,
  "local_file": false,
  "name": "sphinx-http-domain",
  "editable": false,
  "subdirectory": null,
  "uri": null,
  "extras": [],
  "vcs": null,
  "path": null,
  "line":  "sphinx-http-domain==0.2",
  "hash_name": null,
  "hash": null,
  "specs": [
   [
    "==",
    "0.2"
   ]
  ],
  "revision": null
 },
 {
  "specifier": true,
  "local_file": false,
  "name": "unittest-xml-reporting",
  "editable": false,
  "subdirectory": null,
  "uri": null,
  "extras": [],
  "vcs": null,
  "path": null,
  "line":  "unittest-xml-reporting==1.3.1",
  "hash_name": null,
  "hash": null,
  "specs": [
   [
    "==",
    "1.3.1"
   ]
  ],
  "revision": null
 },
 {
  "specifier": false,
  "local_file": false,
  "name": "django_haystack",
  "editable": false,
  "subdirectory": null,
  "uri": "git+git://github.com/toastdriven/django-haystack",
  "extras": [],
  "vcs": "git",
  "path": null,
  "line":  "git+git://github.com/toastdriven/django-haystack@259274e4127f723d76b893c87a82777f9490b960#egg=django_haystack",
  "hash_name": null,
  "hash": null,
  "specs": [],
  "revision": "259274e4127f723d76b893c87a82777f9490b960"
 },
 {
  "specifier": false,
  "local_file": false,
  "name": "django-filter",
  "editable": false,
  "subdirectory": null,
  "uri": "git+git://github.com/alex/django-filter.git",
  "extras": [],
  "vcs": "git",
  "path": null,
  "line":  "git+git://github.com/alex/django-filter.git#egg=django-filter",
  "hash_name": null,
  "hash": null,
  "specs": [],
  "revision": null
 },
 {
  "specifier": false,
  "local_file": false,
  "name": "django_taggit-dev",
  "editable": false,
  "subdirectory": null,
  "uri": "git+git://github.com/alex/django-taggit.git",
  "extras": [],
  "vcs": "git",
  "path": null,
  "line":  "git+git://github.com/alex/django-taggit.git@36f6dabcf10e27c7d9442a94243d4189f2a4f121#egg=django_taggit-dev",
  "hash_name": null,
  "hash": null,
  "specs": [],
  "revision": "36f6dabcf10e27c7d9442a94243d4189f2a4f121"
 },
 {
  "specifier": false,
  "local_file": false,
  "name": "django_pagination-dev",
  "editable": false,
  "subdirectory": null,
  "uri": "git+git://github.com/ericflo/django-pagination.git",
  "extras": [],
  "vcs": "git",
  "path": null,
  "line":  "git+git://github.com/ericflo/django-pagination.git@e5f669036c#egg=django_pagination-dev",
  "hash_name": null,
  "hash": null,
  "specs": [],
  "revision": "e5f669036c"
 },
 {
  "specifier": false,
  "local_file": false,
  "name": "django_basic_apps-dev",
  "editable": false,
  "subdirectory": null,
  "uri": "git+git://github.com/nathanborror/django-basic-apps.git",
  "extras": [],
  "vcs": "git",
  "path": null,
  "line":  "git+git://github.com/nathanborror/django-basic-apps.git@171fdbe21a0dbbb38919a383cc265cb3cbc73771#egg=django_basic_apps-dev",
  "hash_name": null,
  "hash": null,
  "specs": [],
  "revision": "171fdbe21a0dbbb38919a383cc265cb3cbc73771"
 },
 {
  "specifier": false,
  "local_file": false,
  "name": "django_registration-dev",
  "editable": false,
  "subdirectory": null,
  "uri": "git+git://github.com/nathanborror/django-registration.git",
  "extras": [],
  "vcs": "git",
  "path": null,
  "line":  "git+git://github.com/nathanborror/django-registration.git@dc0b564b7bfb79f58592fe8ad836729a85ec17ae#egg=django_registration-dev",
  "hash_name": null,
  "hash": null,
  "specs": [],
  "revision": "dc0b564b7bfb79f58592fe8ad836729a85ec17ae"
 },
 {
  "specifier": false,
  "local_file": false,
  "name": "django_tastypie-dev",
  "editable": false,
  "subdirectory": null,
  "uri": "git+git://github.com/toastdriven/django-tastypie.git",
  "extras": [],
  "vcs": "git",
  "path": null,
  "line":  "git+git://github.com/toastdriven/django-tastypie.git@c5451b90b18b0cb64841b2276d543230d5f58231#egg=django_tastypie-dev",
  "hash_name": null,
  "hash": null,
  "specs": [],
  "revision": "c5451b90b18b0cb64841b2276d543230d5f58231"
 }
]
