[
 {
  "specifier": false, 
  "local_file": false, 
  "name": "MyProject", 
  "editable": true, 
  "uri": "bzr+http://bzr.myproject.org/MyProject/trunk", 
  "extras": [], 
  "vcs": "bzr", 
  "path": null, 
  "line": "-e bzr+http://bzr.myproject.org/MyProject/trunk#egg=MyProject", 
  "specs": [], 
  "revision": null
 }, 
 {
  "specifier": false, 
  "local_file": false, 
  "name": "MyProject", 
  "editable": true, 
  "uri": "bzr+sftp://myproject.org/MyProject/trunk", 
  "extras": [], 
  "vcs": "bzr", 
  "path": null, 
  "line": "-e bzr+sftp://user@myproject.org/MyProject/trunk#egg=MyProject", 
  "specs": [], 
  "revision": null 
 }, 
 {
  "specifier": false, 
  "local_file": false, 
  "name": "MyProject", 
  "editable": true, 
  "uri": "bzr+ssh://myproject.org/MyProject/trunk", 
  "extras": [], 
  "vcs": "bzr", 
  "path": null, 
  "line": "-e bzr+ssh://user@myproject.org/MyProject/trunk#egg=MyProject", 
  "specs": [], 
  "revision": null
 }, 
 {
  "specifier": false, 
  "local_file": false, 
  "name": "MyProject", 
  "editable": true, 
  "uri": "bzr+ftp://myproject.org/MyProject/trunk", 
  "extras": [], 
  "vcs": "bzr", 
  "path": null, 
  "line": "-e bzr+ftp://user@myproject.org/MyProject/trunk#egg=MyProject", 
  "specs": [], 
  "revision": null
 }, 
 {
  "specifier": false, 
  "local_file": false, 
  "name": "MyProject", 
  "editable": true, 
  "uri": "bzr+https://bzr.myproject.org/MyProject/trunk", 
  "extras": [], 
  "vcs": "bzr", 
  "path": null, 
  "line": "-e bzr+https://bzr.myproject.org/MyProject/trunk@2019#egg=MyProject", 
  "specs": [], 
  "revision": "2019"
 }, 
 {
  "specifier": false, 
  "local_file": false, 
  "name": "MyProject", 
  "editable": true, 
  "uri": "bzr+http://bzr.myproject.org/MyProject/trunk", 
  "extras": [], 
  "vcs": "bzr", 
  "path": null, 
  "line": "-e bzr+http://bzr.myproject.org/MyProject/trunk@v1.0#egg=MyProject", 
  "specs": [], 
  "revision": "v1.0"
 }, 
 {
  "specifier": false, 
  "local_file": false, 
  "name": "MyProject", 
  "editable": false, 
  "uri": "bzr+http://bzr.myproject.org/MyProject/trunk", 
  "extras": [], 
  "vcs": "bzr", 
  "path": null, 
  "line": "bzr+http://bzr.myproject.org/MyProject/trunk#egg=MyProject", 
  "specs": [], 
  "revision": null
 }, 
 {
  "specifier": false, 
  "local_file": false, 
  "name": "MyProject", 
  "editable": false, 
  "uri": "bzr+sftp://myproject.org/MyProject/trunk", 
  "extras": [], 
  "vcs": "bzr", 
  "path": null, 
  "line": "bzr+sftp://user@myproject.org/MyProject/trunk#egg=MyProject", 
  "specs": [], 
  "revision": null
 }, 
 {
  "specifier": false, 
  "local_file": false, 
  "name": "MyProject", 
  "editable": false, 
  "uri": "bzr+ssh://myproject.org/MyProject/trunk", 
  "extras": [], 
  "vcs": "bzr", 
  "path": null, 
  "line": "bzr+ssh://user@myproject.org/MyProject/trunk#egg=MyProject", 
  "specs": [], 
  "revision": null
 }, 
 {
  "specifier": false, 
  "local_file": false, 
  "name": "MyProject", 
  "editable": false, 
  "uri": "bzr+ftp://myproject.org/MyProject/trunk", 
  "extras": [], 
  "vcs": "bzr", 
  "path": null, 
  "line": "bzr+ftp://user@myproject.org/MyProject/trunk#egg=MyProject", 
  "specs": [], 
  "revision": null
 }, 
 {
  "specifier": false, 
  "local_file": false, 
  "name": "MyProject", 
  "editable": false, 
  "uri": "bzr+https://bzr.myproject.org/MyProject/trunk", 
  "extras": [], 
  "vcs": "bzr", 
  "path": null, 
  "line": "bzr+https://bzr.myproject.org/MyProject/trunk@2019#egg=MyProject", 
  "specs": [], 
  "revision": "2019"
 }, 
 {
  "specifier": false, 
  "local_file": false, 
  "name": "MyProject", 
  "editable": false, 
  "uri": "bzr+http://bzr.myproject.org/MyProject/trunk", 
  "extras": [], 
  "vcs": "bzr", 
  "path": null, 
  "line": "bzr+http://bzr.myproject.org/MyProject/trunk@v1.0#egg=MyProject", 
  "specs": [], 
  "revision": "v1.0"
 }
]
