[
 {
  "specifier": false,
  "local_file": false,
  "name": "MyProject",
  "editable": true,
  "subdirectory": null,
  "uri": "git+git://git.myproject.org/MyProject",
  "extras": [],
  "vcs": "git",
  "path": null,
  "line":  "-e git+git://git.myproject.org/MyProject#egg=MyProject",
  "hash_name": null,
  "hash": null,
  "specs": [],
  "revision": null
 },
 {
  "specifier": false,
  "local_file": false,
  "name": "MyProject",
  "editable": true,
  "subdirectory": null,
  "uri": "git+https://git.myproject.org/MyProject",
  "extras": [],
  "vcs": "git",
  "path": null,
  "line":  "-e git+https://git.myproject.org/MyProject#egg=MyProject",
  "hash_name": null,
  "hash": null,
  "specs": [],
  "revision": null
 },
 {
  "specifier": false,
  "local_file": false,
  "name": "MyProject",
  "editable": true,
  "subdirectory": null,
  "uri": "git+ssh://git.myproject.org/MyProject",
  "extras": [],
  "vcs": "git",
  "path": null,
  "line":  "-e git+ssh://git.myproject.org/MyProject#egg=MyProject",
  "hash_name": null,
  "hash": null,
  "specs": [],
  "revision": null
 },
 {
  "specifier": false,
  "local_file": false,
  "name": "MyProject",
  "editable": true,
  "subdirectory": null,
  "uri": "git://git.myproject.org/MyProject.git",
  "extras": [],
  "vcs": "git",
  "path": null,
  "line":  "-e git://git.myproject.org/MyProject.git@master#egg=MyProject",
  "hash_name": null,
  "hash": null,
  "specs": [],
  "revision": "master"
 },
 {
  "specifier": false,
  "local_file": false,
  "name": "MyProject",
  "editable": true,
  "subdirectory": null,
  "uri": "git://git.myproject.org/MyProject.git",
  "extras": [],
  "vcs": "git",
  "path": null,
  "line":  "-e git://git.myproject.org/MyProject.git@v1.0#egg=MyProject",
  "hash_name": null,
  "hash": null,
  "specs": [],
  "revision": "v1.0"
 },
 {
  "specifier": false,
  "local_file": false,
  "name": "MyProject",
  "editable": true,
  "subdirectory": null,
  "uri": "git://git.myproject.org/MyProject.git",
  "extras": [],
  "vcs": "git",
  "path": null,
  "line":  "-e git://git.myproject.org/MyProject.git@da39a3ee5e6b4b0d3255bfef95601890afd80709#egg=MyProject",
  "hash_name": null,
  "hash": null,
  "specs": [],
  "revision": "da39a3ee5e6b4b0d3255bfef95601890afd80709"
 },
 {
  "specifier": false,
  "local_file": false,
  "name": "MyProject",
  "editable": false,
  "subdirectory": null,
  "uri": "git+git://git.myproject.org/MyProject",
  "extras": [],
  "vcs": "git",
  "path": null,
  "line":  "git+git://git.myproject.org/MyProject#egg=MyProject",
  "hash_name": null,
  "hash": null,
  "specs": [],
  "revision": null
 },
 {
  "specifier": false,
  "local_file": false,
  "name": "MyProject",
  "editable": false,
  "subdirectory": null,
  "uri": "git+https://git.myproject.org/MyProject",
  "extras": [],
  "vcs": "git",
  "path": null,
  "line":  "git+https://git.myproject.org/MyProject#egg=MyProject",
  "hash_name": null,
  "hash": null,
  "specs": [],
  "revision": null
 },
 {
  "specifier": false,
  "local_file": false,
  "name": "MyProject",
  "editable": false,
  "subdirectory": null,
  "uri": "git+ssh://git.myproject.org/MyProject",
  "extras": [],
  "vcs": "git",
  "path": null,
  "line":  "git+ssh://git.myproject.org/MyProject#egg=MyProject",
  "hash_name": null,
  "hash": null,
  "specs": [],
  "revision": null
 },
 {
  "specifier": false,
  "local_file": false,
  "name": "MyProject",
  "editable": false,
  "subdirectory": null,
  "uri": "git://git.myproject.org/MyProject.git",
  "extras": [],
  "vcs": "git",
  "path": null,
  "line":  "git://git.myproject.org/MyProject.git@master#egg=MyProject",
  "hash_name": null,
  "hash": null,
  "specs": [],
  "revision": "master"
 },
 {
  "specifier": false,
  "local_file": false,
  "name": "MyProject",
  "editable": false,
  "subdirectory": null,
  "uri": "git://git.myproject.org/MyProject.git",
  "extras": [],
  "vcs": "git",
  "path": null,
  "line":  "git://git.myproject.org/MyProject.git@v1.0#egg=MyProject",
  "hash_name": null,
  "hash": null,
  "specs": [],
  "revision": "v1.0"
 },
 {
  "specifier": false,
  "local_file": false,
  "name": "MyProject",
  "editable": false,
  "subdirectory": null,
  "uri": "git://git.myproject.org/MyProject.git",
  "extras": [],
  "vcs": "git",
  "path": null,
  "line":  "git://git.myproject.org/MyProject.git@da39a3ee5e6b4b0d3255bfef95601890afd80709#egg=MyProject",
  "hash_name": null,
  "hash": null,
  "specs": [],
  "revision": "da39a3ee5e6b4b0d3255bfef95601890afd80709"
 }
]
