[
 {
    "line": "SomeProject@git+https://git.repo/some_pkg.git@1.3.1[extra]",
    "editable": false,
    "local_file": false,
    "specifier": false,
    "vcs": "git+https",
    "revision": "1.3.1",
    "name": "SomeProject",
    "uri": "git+https://git.repo/some_pkg.git",
    "subdirectory": null,
    "path": null,
    "hash_name": null,
    "hash": null,
    "extras": ["extra"],
    "specs": []
 },
 {
   "line": "SomeProject@git+https://git.repo/some_pkg.git@1.3.1#egg=EggName",
   "editable": false,
   "local_file": false,
   "specifier": false,
   "vcs": "git+https",
   "revision": "1.3.1",
   "name": "SomeProject",
   "uri": "git+https://git.repo/some_pkg.git",
   "subdirectory": null,
   "path": null,
   "hash_name": null,
   "hash": null,
   "extras": [],
   "specs": []
 },
 {
   "line": "SomeProject@ git+https://git.repo/some_pkg.git@1.3.1",
   "editable": false,
   "local_file": false,
   "specifier": false,
   "vcs": "git+https",
   "revision": "1.3.1",
   "name": "SomeProject",
   "uri": "git+https://git.repo/some_pkg.git",
   "subdirectory": null,
   "path": null,
   "hash_name": null,
   "hash": null,
   "extras": [],
   "specs": []
 },
 {
   "line": "SomeProject @git+https://git.repo/some_pkg.git@1.3.1",
   "editable": false,
   "local_file": false,
   "specifier": false,
   "vcs": "git+https",
   "revision": "1.3.1",
   "name": "SomeProject",
   "uri": "git+https://git.repo/some_pkg.git",
   "subdirectory": null,
   "path": null,
   "hash_name": null,
   "hash": null,
   "extras": [],
   "specs": []
 },
 {
   "line": "SomeProject @ git+https://git.repo/some_pkg.git@1.3.1",
   "editable": false,
   "local_file": false,
   "specifier": false,
   "vcs": "git+https",
   "revision": "1.3.1",
   "name": "SomeProject",
   "uri": "git+https://git.repo/some_pkg.git",
   "subdirectory": null,
   "path": null,
   "hash_name": null,
   "hash": null,
   "extras": [],
   "specs": []
 }
]